+--------------------------------------------------------------------------------------------------------+
| npu-smi 25.2.2                                   Version: 25.2.2                                       |
+-------------------------------+-----------------+------------------------------------------------------+
| NPU     Name                  | Health          | Power(W)     Temp(C)           Hugepages-Usage(page) |
| Chip    Device                | Bus-Id          | AICore(%)    Memory-Usage(MB)                        |
+===============================+=================+======================================================+
| 0       310P3                 | OK              | NA           72                11269 / 11269         |
| 0       0                     | 0000:01:00.0    | 52           25109/ 44280                            |
+-------------------------------+-----------------+------------------------------------------------------+
| 0       310P3                 | OK              | NA           71                11199 / 11199         |
| 1       1                     | 0000:01:00.0    | 46           23920/ 43693                            |
+===============================+=================+======================================================+
| 32      310P3                 | OK              | NA           71                11199 / 11199         |
| 0       2                     | 0000:02:00.0    | 32           24402/ 44280                            |
+-------------------------------+-----------------+------------------------------------------------------+
| 32      310P3                 | OK              | NA           71                11199 / 11199         |
| 1       3                     | 0000:02:00.0    | 31           24237/ 43693                            |
+===============================+=================+======================================================+
| 32768   310P3                 | OK              | NA           72                14355 / 14355         |
| 0       4                     | 0000:81:00.0    | 0            30493/ 44280                            |
+-------------------------------+-----------------+------------------------------------------------------+
| 32768   310P3                 | OK              | NA           77                7401  / 7401          |
| 1       5                     | 0000:81:00.0    | 0            16022/ 43693                            |
+===============================+=================+======================================================+
| 32800   310P3                 | OK              | NA           68                19184 / 19184         |
| 0       6                     | 0000:82:00.0    | 99           40128/ 44280                            |
+-------------------------------+-----------------+------------------------------------------------------+
| 32800   310P3                 | OK              | NA           67                14069 / 14069         |
| 1       7                     | 0000:82:00.0    | 0            29378/ 43693                            |
+===============================+=================+======================================================+
+-------------------------------+-----------------+------------------------------------------------------+
| NPU     Chip                  | Process id      | Process name             | Process memory(MB)        |
+===============================+=================+======================================================+
| 0       0                     | 324688          |                          | 110                       |
| 0       0                     | 324689          |                          | 110                       |
| 0       0                     | 67809           |                          | 110                       |
| 0       0                     | 324690          |                          | 110                       |
| 0       0                     | 67795           |                          | 110                       |
| 0       0                     | 67803           |                          | 110                       |
| 0       0                     | 67806           |                          | 111                       |
| 0       0                     | 324687          |                          | 22903                     |
| 0       1                     | 324688          |                          | 22904                     |
+===============================+=================+======================================================+
| 32      0                     | 324689          |                          | 22903                     |
| 32      1                     | 324690          |                          | 22904                     |
+===============================+=================+======================================================+
| 32768   0                     | 67795           |                          | 28802                     |
| 32768   1                     | 67803           |                          | 14895                     |
+===============================+=================+======================================================+
| 32800   0                     | 67806           |                          | 38460                     |
| 32800   1                     | 67809           |                          | 28230                     |
+===============================+=================+======================================================+


# pip list 2>/dev/null | grep -iE "^torch|torch-npu"
torch                                    2.10.0+cpu
torch_npu                                2.10.0.post1.dev20260613
torchaudio                               2.10.0+cpu
torchvision                              0.25.0+cpu


# cat /usr/local/Ascend/nnal/atb/latest/version.info 2>/dev/null
Ascend-cann-atb : 9.1.0
Ascend-cann-atb Version : 9.1.0.B110
Platform : aarch64
branch : br_release_cann_9.1.0_20261223
commit id : b31b81d74d0a8a921feb2dd42826216682ab6c66


# cat /usr/local/Ascend/ascend-toolkit/latest/opp/version.info
Version=9.1.0-beta.1
version_dir=cann
required_package_runtime_version=">=8.5"
required_package_ge-executor_version=">=8.5"
required_package_metadef_version=">=8.5"
required_package_asc-devkit_version=">=8.5"
required_package_bisheng-compiler_version=">=8.5"
timestamp=20260509_173000235